error: view-typed functions cannot return references
  --> $DIR/safety-soundness.rs:70:22
   |
LL |     fn get_reference(&{reference} self) -> &'a str {
   |                      ^^^^^^^^^^^^^^^^^
   |
   = note: returning references from view-typed methods can cause soundness issues
   = note: this restriction may be lifted in a future version with proper region inference integration
   = help: consider returning an owned value or restructuring the code

error: aborting due to 1 previous error

